../ssd1306_oled_lib/src/ssd1306.c:8:6:ssd1306_Reset	4	static
../ssd1306_oled_lib/src/ssd1306.c:18:6:ssd1306_WriteCommand	32	static
../ssd1306_oled_lib/src/ssd1306.c:28:6:ssd1306_WriteData	32	static
../ssd1306_oled_lib/src/ssd1306.c:89:17:ssd1306_FillBuffer	24	static
../ssd1306_oled_lib/src/ssd1306.c:99:6:ssd1306_Init	8	static
../ssd1306_oled_lib/src/ssd1306.c:201:6:ssd1306_Fill	24	static
../ssd1306_oled_lib/src/ssd1306.c:210:6:ssd1306_UpdateScreen	16	static
../ssd1306_oled_lib/src/ssd1306.c:231:6:ssd1306_DrawPixel	16	static
../ssd1306_oled_lib/src/ssd1306.c:251:6:ssd1306_WriteChar	48	static
../ssd1306_oled_lib/src/ssd1306.c:286:6:ssd1306_WriteString	24	static
../ssd1306_oled_lib/src/ssd1306.c:300:6:ssd1306_SetCursor	16	static
../ssd1306_oled_lib/src/ssd1306.c:306:6:ssd1306_Line	48	static
../ssd1306_oled_lib/src/ssd1306.c:333:6:ssd1306_Polyline	40	static
../ssd1306_oled_lib/src/ssd1306.c:347:14:ssd1306_DegToRad	16	static
../ssd1306_oled_lib/src/ssd1306.c:352:17:ssd1306_NormalizeTo0_360	24	static
../ssd1306_oled_lib/src/ssd1306.c:368:6:ssd1306_DrawArc	56	static
../ssd1306_oled_lib/src/ssd1306.c:408:6:ssd1306_DrawArcWithRadiusLine	64	static
../ssd1306_oled_lib/src/ssd1306.c:451:6:ssd1306_DrawCircle	40	static
../ssd1306_oled_lib/src/ssd1306.c:486:6:ssd1306_FillCircle	48	static
../ssd1306_oled_lib/src/ssd1306.c:522:6:ssd1306_DrawRectangle	32	static
../ssd1306_oled_lib/src/ssd1306.c:532:6:ssd1306_FillRectangle	32	static
../ssd1306_oled_lib/src/ssd1306.c:547:6:ssd1306_DrawBitmap	24	static
../ssd1306_oled_lib/src/ssd1306.c:571:6:ssd1306_SetContrast	24	static
../ssd1306_oled_lib/src/ssd1306.c:577:6:ssd1306_SetDisplayOn	24	static
../ssd1306_oled_lib/src/ssd1306.c:589:9:ssd1306_GetDisplayOn	4	static
